// Jest Snapshot v1, https://goo.gl/fbAQLP

exports[`Should normal first render with normal props values 1`] = `ReactWrapper {}`;

exports[`Should normal render with first useEffect with normal props values 1`] = `ReactWrapper {}`;

exports[`Should normal render with useEffect update with normal props values 1`] = `ReactWrapper {}`;

exports[`Should not rerender render with useEffect update with wrong props values 1`] = `ReactWrapper {}`;
